
> frontend@0.2.0 build
> next build

  ▲ Next.js 14.2.15

   Creating an optimized production build ...
 ✓ Compiled successfully
   Skipping linting
   Checking validity of types ...
   Collecting page data ...
   Generating static pages (0/67) ...
Error: useAuth must be used within AuthProvider
    at r (C:\Users\krush\Downloads\Byondstudio-main\Byondstudio-main\frontend\.next\server\pages\WishlistPage.js:1:14866)
    at w (C:\Users\krush\Downloads\Byondstudio-main\Byondstudio-main\frontend\.next\server\pages\WishlistPage.js:1:651)
    at Wc (C:\Users\krush\Downloads\Byondstudio-main\Byondstudio-main\frontend\node_modules\react-dom\cjs\react-dom-server.browser.production.min.js:68:44)
    at Zc (C:\Users\krush\Downloads\Byondstudio-main\Byondstudio-main\frontend\node_modules\react-dom\cjs\react-dom-server.browser.production.min.js:70:253)
    at Z (C:\Users\krush\Downloads\Byondstudio-main\Byondstudio-main\frontend\node_modules\react-dom\cjs\react-dom-server.browser.production.min.js:76:89)
    at Xc (C:\Users\krush\Downloads\Byondstudio-main\Byondstudio-main\frontend\node_modules\react-dom\cjs\react-dom-server.browser.production.min.js:68:409)
    at Zc (C:\Users\krush\Downloads\Byondstudio-main\Byondstudio-main\frontend\node_modules\react-dom\cjs\react-dom-server.browser.production.min.js:70:210)
    at Z (C:\Users\krush\Downloads\Byondstudio-main\Byondstudio-main\frontend\node_modules\react-dom\cjs\react-dom-server.browser.production.min.js:76:89)
    at Zc (C:\Users\krush\Downloads\Byondstudio-main\Byondstudio-main\frontend\node_modules\react-dom\cjs\react-dom-server.browser.production.min.js:70:481)
    at Z (C:\Users\krush\Downloads\Byondstudio-main\Byondstudio-main\frontend\node_modules\react-dom\cjs\react-dom-server.browser.production.min.js:76:89)

Error occurred prerendering page "/WishlistPage". Read more: https://nextjs.org/docs/messages/prerender-error

Error: useAuth must be used within AuthProvider
    at r (C:\Users\krush\Downloads\Byondstudio-main\Byondstudio-main\frontend\.next\server\pages\WishlistPage.js:1:14866)
    at w (C:\Users\krush\Downloads\Byondstudio-main\Byondstudio-main\frontend\.next\server\pages\WishlistPage.js:1:651)
    at Wc (C:\Users\krush\Downloads\Byondstudio-main\Byondstudio-main\frontend\node_modules\react-dom\cjs\react-dom-server.browser.production.min.js:68:44)
    at Zc (C:\Users\krush\Downloads\Byondstudio-main\Byondstudio-main\frontend\node_modules\react-dom\cjs\react-dom-server.browser.production.min.js:70:253)
    at Z (C:\Users\krush\Downloads\Byondstudio-main\Byondstudio-main\frontend\node_modules\react-dom\cjs\react-dom-server.browser.production.min.js:76:89)
    at Xc (C:\Users\krush\Downloads\Byondstudio-main\Byondstudio-main\frontend\node_modules\react-dom\cjs\react-dom-server.browser.production.min.js:68:409)
    at Zc (C:\Users\krush\Downloads\Byondstudio-main\Byondstudio-main\frontend\node_modules\react-dom\cjs\react-dom-server.browser.production.min.js:70:210)
    at Z (C:\Users\krush\Downloads\Byondstudio-main\Byondstudio-main\frontend\node_modules\react-dom\cjs\react-dom-server.browser.production.min.js:76:89)
    at Zc (C:\Users\krush\Downloads\Byondstudio-main\Byondstudio-main\frontend\node_modules\react-dom\cjs\react-dom-server.browser.production.min.js:70:481)
    at Z (C:\Users\krush\Downloads\Byondstudio-main\Byondstudio-main\frontend\node_modules\react-dom\cjs\react-dom-server.browser.production.min.js:76:89)
Error: useAuth must be used within AuthProvider
    at r (C:\Users\krush\Downloads\Byondstudio-main\Byondstudio-main\frontend\.next\server\pages\WishlistPage.js:1:14866)
    at R (C:\Users\krush\Downloads\Byondstudio-main\Byondstudio-main\frontend\.next\server\pages\admin\AdminLayout.js:1:3830)
    at Wc (C:\Users\krush\Downloads\Byondstudio-main\Byondstudio-main\frontend\node_modules\react-dom\cjs\react-dom-server.browser.production.min.js:68:44)
    at Zc (C:\Users\krush\Downloads\Byondstudio-main\Byondstudio-main\frontend\node_modules\react-dom\cjs\react-dom-server.browser.production.min.js:70:253)
    at Z (C:\Users\krush\Downloads\Byondstudio-main\Byondstudio-main\frontend\node_modules\react-dom\cjs\react-dom-server.browser.production.min.js:76:89)
    at Xc (C:\Users\krush\Downloads\Byondstudio-main\Byondstudio-main\frontend\node_modules\react-dom\cjs\react-dom-server.browser.production.min.js:68:409)
    at Zc (C:\Users\krush\Downloads\Byondstudio-main\Byondstudio-main\frontend\node_modules\react-dom\cjs\react-dom-server.browser.production.min.js:70:210)
    at Z (C:\Users\krush\Downloads\Byondstudio-main\Byondstudio-main\frontend\node_modules\react-dom\cjs\react-dom-server.browser.production.min.js:76:89)
    at Zc (C:\Users\krush\Downloads\Byondstudio-main\Byondstudio-main\frontend\node_modules\react-dom\cjs\react-dom-server.browser.production.min.js:70:481)
    at Z (C:\Users\krush\Downloads\Byondstudio-main\Byondstudio-main\frontend\node_modules\react-dom\cjs\react-dom-server.browser.production.min.js:76:89)

Error occurred prerendering page "/admin/AdminLayout". Read more: https://nextjs.org/docs/messages/prerender-error

Error: useAuth must be used within AuthProvider
    at r (C:\Users\krush\Downloads\Byondstudio-main\Byondstudio-main\frontend\.next\server\pages\WishlistPage.js:1:14866)
    at R (C:\Users\krush\Downloads\Byondstudio-main\Byondstudio-main\frontend\.next\server\pages\admin\AdminLayout.js:1:3830)
    at Wc (C:\Users\krush\Downloads\Byondstudio-main\Byondstudio-main\frontend\node_modules\react-dom\cjs\react-dom-server.browser.production.min.js:68:44)
    at Zc (C:\Users\krush\Downloads\Byondstudio-main\Byondstudio-main\frontend\node_modules\react-dom\cjs\react-dom-server.browser.production.min.js:70:253)
    at Z (C:\Users\krush\Downloads\Byondstudio-main\Byondstudio-main\frontend\node_modules\react-dom\cjs\react-dom-server.browser.production.min.js:76:89)
    at Xc (C:\Users\krush\Downloads\Byondstudio-main\Byondstudio-main\frontend\node_modules\react-dom\cjs\react-dom-server.browser.production.min.js:68:409)
    at Zc (C:\Users\krush\Downloads\Byondstudio-main\Byondstudio-main\frontend\node_modules\react-dom\cjs\react-dom-server.browser.production.min.js:70:210)
    at Z (C:\Users\krush\Downloads\Byondstudio-main\Byondstudio-main\frontend\node_modules\react-dom\cjs\react-dom-server.browser.production.min.js:76:89)
    at Zc (C:\Users\krush\Downloads\Byondstudio-main\Byondstudio-main\frontend\node_modules\react-dom\cjs\react-dom-server.browser.production.min.js:70:481)
    at Z (C:\Users\krush\Downloads\Byondstudio-main\Byondstudio-main\frontend\node_modules\react-dom\cjs\react-dom-server.browser.production.min.js:76:89)
   Generating static pages (16/67) 
Error: useAuth must be used within AuthProvider
    at r (C:\Users\krush\Downloads\Byondstudio-main\Byondstudio-main\frontend\.next\server\pages\ProductPDP.js:1:37272)
    at N (C:\Users\krush\Downloads\Byondstudio-main\Byondstudio-main\frontend\.next\server\pages\LoginPage.js:1:824)
    at Wc (C:\Users\krush\Downloads\Byondstudio-main\Byondstudio-main\frontend\node_modules\react-dom\cjs\react-dom-server.browser.production.min.js:68:44)
    at Zc (C:\Users\krush\Downloads\Byondstudio-main\Byondstudio-main\frontend\node_modules\react-dom\cjs\react-dom-server.browser.production.min.js:70:253)
    at Z (C:\Users\krush\Downloads\Byondstudio-main\Byondstudio-main\frontend\node_modules\react-dom\cjs\react-dom-server.browser.production.min.js:76:89)
    at Xc (C:\Users\krush\Downloads\Byondstudio-main\Byondstudio-main\frontend\node_modules\react-dom\cjs\react-dom-server.browser.production.min.js:68:409)
    at Zc (C:\Users\krush\Downloads\Byondstudio-main\Byondstudio-main\frontend\node_modules\react-dom\cjs\react-dom-server.browser.production.min.js:70:210)
    at Z (C:\Users\krush\Downloads\Byondstudio-main\Byondstudio-main\frontend\node_modules\react-dom\cjs\react-dom-server.browser.production.min.js:76:89)
    at Zc (C:\Users\krush\Downloads\Byondstudio-main\Byondstudio-main\frontend\node_modules\react-dom\cjs\react-dom-server.browser.production.min.js:70:481)
    at Z (C:\Users\krush\Downloads\Byondstudio-main\Byondstudio-main\frontend\node_modules\react-dom\cjs\react-dom-server.browser.production.min.js:76:89)

Error occurred prerendering page "/LoginPage". Read more: https://nextjs.org/docs/messages/prerender-error

Error: useAuth must be used within AuthProvider
    at r (C:\Users\krush\Downloads\Byondstudio-main\Byondstudio-main\frontend\.next\server\pages\ProductPDP.js:1:37272)
    at N (C:\Users\krush\Downloads\Byondstudio-main\Byondstudio-main\frontend\.next\server\pages\LoginPage.js:1:824)
    at Wc (C:\Users\krush\Downloads\Byondstudio-main\Byondstudio-main\frontend\node_modules\react-dom\cjs\react-dom-server.browser.production.min.js:68:44)
    at Zc (C:\Users\krush\Downloads\Byondstudio-main\Byondstudio-main\frontend\node_modules\react-dom\cjs\react-dom-server.browser.production.min.js:70:253)
    at Z (C:\Users\krush\Downloads\Byondstudio-main\Byondstudio-main\frontend\node_modules\react-dom\cjs\react-dom-server.browser.production.min.js:76:89)
    at Xc (C:\Users\krush\Downloads\Byondstudio-main\Byondstudio-main\frontend\node_modules\react-dom\cjs\react-dom-server.browser.production.min.js:68:409)
    at Zc (C:\Users\krush\Downloads\Byondstudio-main\Byondstudio-main\frontend\node_modules\react-dom\cjs\react-dom-server.browser.production.min.js:70:210)
    at Z (C:\Users\krush\Downloads\Byondstudio-main\Byondstudio-main\frontend\node_modules\react-dom\cjs\react-dom-server.browser.production.min.js:76:89)
    at Zc (C:\Users\krush\Downloads\Byondstudio-main\Byondstudio-main\frontend\node_modules\react-dom\cjs\react-dom-server.browser.production.min.js:70:481)
    at Z (C:\Users\krush\Downloads\Byondstudio-main\Byondstudio-main\frontend\node_modules\react-dom\cjs\react-dom-server.browser.production.min.js:76:89)
   Generating static pages (33/67) 
 ⨯ useSearchParams() should be wrapped in a suspense boundary at page "/luxe-collection". Read more: https://nextjs.org/docs/messages/missing-suspense-with-csr-bailout
    at l (C:\Users\krush\Downloads\Byondstudio-main\Byondstudio-main\frontend\.next\server\chunks\2283.js:1:15752)
    at s (C:\Users\krush\Downloads\Byondstudio-main\Byondstudio-main\frontend\.next\server\chunks\2283.js:1:26643)
    at f (C:\Users\krush\Downloads\Byondstudio-main\Byondstudio-main\frontend\.next\server\chunks\722.js:1:2804)
    at nj (C:\Users\krush\Downloads\Byondstudio-main\Byondstudio-main\frontend\node_modules\next\dist\compiled\next-server\app-page.runtime.prod.js:12:46251)
    at nM (C:\Users\krush\Downloads\Byondstudio-main\Byondstudio-main\frontend\node_modules\next\dist\compiled\next-server\app-page.runtime.prod.js:12:47571)
    at nM (C:\Users\krush\Downloads\Byondstudio-main\Byondstudio-main\frontend\node_modules\next\dist\compiled\next-server\app-page.runtime.prod.js:12:61546)
    at nN (C:\Users\krush\Downloads\Byondstudio-main\Byondstudio-main\frontend\node_modules\next\dist\compiled\next-server\app-page.runtime.prod.js:12:64546)
    at nB (C:\Users\krush\Downloads\Byondstudio-main\Byondstudio-main\frontend\node_modules\next\dist\compiled\next-server\app-page.runtime.prod.js:12:67538)
    at nD (C:\Users\krush\Downloads\Byondstudio-main\Byondstudio-main\frontend\node_modules\next\dist\compiled\next-server\app-page.runtime.prod.js:12:66680)
    at nN (C:\Users\krush\Downloads\Byondstudio-main\Byondstudio-main\frontend\node_modules\next\dist\compiled\next-server\app-page.runtime.prod.js:12:64853)

Error occurred prerendering page "/luxe-collection". Read more: https://nextjs.org/docs/messages/prerender-error

 ⨯ useSearchParams() should be wrapped in a suspense boundary at page "/collection". Read more: https://nextjs.org/docs/messages/missing-suspense-with-csr-bailout
    at l (C:\Users\krush\Downloads\Byondstudio-main\Byondstudio-main\frontend\.next\server\chunks\2283.js:1:15752)
    at s (C:\Users\krush\Downloads\Byondstudio-main\Byondstudio-main\frontend\.next\server\chunks\2283.js:1:26643)
    at f (C:\Users\krush\Downloads\Byondstudio-main\Byondstudio-main\frontend\.next\server\chunks\722.js:1:2804)
    at nj (C:\Users\krush\Downloads\Byondstudio-main\Byondstudio-main\frontend\node_modules\next\dist\compiled\next-server\app-page.runtime.prod.js:12:46251)
    at nM (C:\Users\krush\Downloads\Byondstudio-main\Byondstudio-main\frontend\node_modules\next\dist\compiled\next-server\app-page.runtime.prod.js:12:47571)
    at nM (C:\Users\krush\Downloads\Byondstudio-main\Byondstudio-main\frontend\node_modules\next\dist\compiled\next-server\app-page.runtime.prod.js:12:61546)
    at nN (C:\Users\krush\Downloads\Byondstudio-main\Byondstudio-main\frontend\node_modules\next\dist\compiled\next-server\app-page.runtime.prod.js:12:64546)
    at nB (C:\Users\krush\Downloads\Byondstudio-main\Byondstudio-main\frontend\node_modules\next\dist\compiled\next-server\app-page.runtime.prod.js:12:67538)
    at nD (C:\Users\krush\Downloads\Byondstudio-main\Byondstudio-main\frontend\node_modules\next\dist\compiled\next-server\app-page.runtime.prod.js:12:66680)
    at nN (C:\Users\krush\Downloads\Byondstudio-main\Byondstudio-main\frontend\node_modules\next\dist\compiled\next-server\app-page.runtime.prod.js:12:64853)

Error occurred prerendering page "/collection". Read more: https://nextjs.org/docs/messages/prerender-error

 ⨯ useSearchParams() should be wrapped in a suspense boundary at page "/men". Read more: https://nextjs.org/docs/messages/missing-suspense-with-csr-bailout
    at l (C:\Users\krush\Downloads\Byondstudio-main\Byondstudio-main\frontend\.next\server\chunks\2283.js:1:15752)
    at s (C:\Users\krush\Downloads\Byondstudio-main\Byondstudio-main\frontend\.next\server\chunks\2283.js:1:26643)
    at f (C:\Users\krush\Downloads\Byondstudio-main\Byondstudio-main\frontend\.next\server\chunks\722.js:1:2804)
    at nj (C:\Users\krush\Downloads\Byondstudio-main\Byondstudio-main\frontend\node_modules\next\dist\compiled\next-server\app-page.runtime.prod.js:12:46251)
    at nM (C:\Users\krush\Downloads\Byondstudio-main\Byondstudio-main\frontend\node_modules\next\dist\compiled\next-server\app-page.runtime.prod.js:12:47571)
    at nM (C:\Users\krush\Downloads\Byondstudio-main\Byondstudio-main\frontend\node_modules\next\dist\compiled\next-server\app-page.runtime.prod.js:12:61546)
    at nN (C:\Users\krush\Downloads\Byondstudio-main\Byondstudio-main\frontend\node_modules\next\dist\compiled\next-server\app-page.runtime.prod.js:12:64546)
    at nB (C:\Users\krush\Downloads\Byondstudio-main\Byondstudio-main\frontend\node_modules\next\dist\compiled\next-server\app-page.runtime.prod.js:12:67538)
    at nD (C:\Users\krush\Downloads\Byondstudio-main\Byondstudio-main\frontend\node_modules\next\dist\compiled\next-server\app-page.runtime.prod.js:12:66680)
    at nN (C:\Users\krush\Downloads\Byondstudio-main\Byondstudio-main\frontend\node_modules\next\dist\compiled\next-server\app-page.runtime.prod.js:12:64853)

Error occurred prerendering page "/men". Read more: https://nextjs.org/docs/messages/prerender-error

Error: useAuth must be used within AuthProvider
    at r (C:\Users\krush\Downloads\Byondstudio-main\Byondstudio-main\frontend\.next\server\pages\ProductListPage.js:1:25267)
    at x (C:\Users\krush\Downloads\Byondstudio-main\Byondstudio-main\frontend\.next\server\pages\CartPage.js:1:690)
    at Wc (C:\Users\krush\Downloads\Byondstudio-main\Byondstudio-main\frontend\node_modules\react-dom\cjs\react-dom-server.browser.production.min.js:68:44)
    at Zc (C:\Users\krush\Downloads\Byondstudio-main\Byondstudio-main\frontend\node_modules\react-dom\cjs\react-dom-server.browser.production.min.js:70:253)
    at Z (C:\Users\krush\Downloads\Byondstudio-main\Byondstudio-main\frontend\node_modules\react-dom\cjs\react-dom-server.browser.production.min.js:76:89)
    at Xc (C:\Users\krush\Downloads\Byondstudio-main\Byondstudio-main\frontend\node_modules\react-dom\cjs\react-dom-server.browser.production.min.js:68:409)
    at Zc (C:\Users\krush\Downloads\Byondstudio-main\Byondstudio-main\frontend\node_modules\react-dom\cjs\react-dom-server.browser.production.min.js:70:210)
    at Z (C:\Users\krush\Downloads\Byondstudio-main\Byondstudio-main\frontend\node_modules\react-dom\cjs\react-dom-server.browser.production.min.js:76:89)
    at Zc (C:\Users\krush\Downloads\Byondstudio-main\Byondstudio-main\frontend\node_modules\react-dom\cjs\react-dom-server.browser.production.min.js:70:481)
    at Z (C:\Users\krush\Downloads\Byondstudio-main\Byondstudio-main\frontend\node_modules\react-dom\cjs\react-dom-server.browser.production.min.js:76:89)

Error occurred prerendering page "/CartPage". Read more: https://nextjs.org/docs/messages/prerender-error

Error: useAuth must be used within AuthProvider
    at r (C:\Users\krush\Downloads\Byondstudio-main\Byondstudio-main\frontend\.next\server\pages\ProductListPage.js:1:25267)
    at x (C:\Users\krush\Downloads\Byondstudio-main\Byondstudio-main\frontend\.next\server\pages\CartPage.js:1:690)
    at Wc (C:\Users\krush\Downloads\Byondstudio-main\Byondstudio-main\frontend\node_modules\react-dom\cjs\react-dom-server.browser.production.min.js:68:44)
    at Zc (C:\Users\krush\Downloads\Byondstudio-main\Byondstudio-main\frontend\node_modules\react-dom\cjs\react-dom-server.browser.production.min.js:70:253)
    at Z (C:\Users\krush\Downloads\Byondstudio-main\Byondstudio-main\frontend\node_modules\react-dom\cjs\react-dom-server.browser.production.min.js:76:89)
    at Xc (C:\Users\krush\Downloads\Byondstudio-main\Byondstudio-main\frontend\node_modules\react-dom\cjs\react-dom-server.browser.production.min.js:68:409)
    at Zc (C:\Users\krush\Downloads\Byondstudio-main\Byondstudio-main\frontend\node_modules\react-dom\cjs\react-dom-server.browser.production.min.js:70:210)
    at Z (C:\Users\krush\Downloads\Byondstudio-main\Byondstudio-main\frontend\node_modules\react-dom\cjs\react-dom-server.browser.production.min.js:76:89)
    at Zc (C:\Users\krush\Downloads\Byondstudio-main\Byondstudio-main\frontend\node_modules\react-dom\cjs\react-dom-server.browser.production.min.js:70:481)
    at Z (C:\Users\krush\Downloads\Byondstudio-main\Byondstudio-main\frontend\node_modules\react-dom\cjs\react-dom-server.browser.production.min.js:76:89)
Error: useAuth must be used within AuthProvider
    at r (C:\Users\krush\Downloads\Byondstudio-main\Byondstudio-main\frontend\.next\server\pages\ProductPDP.js:1:37272)
    at U (C:\Users\krush\Downloads\Byondstudio-main\Byondstudio-main\frontend\.next\server\pages\MyAccountPage.js:1:41313)
    at Wc (C:\Users\krush\Downloads\Byondstudio-main\Byondstudio-main\frontend\node_modules\react-dom\cjs\react-dom-server.browser.production.min.js:68:44)
    at Zc (C:\Users\krush\Downloads\Byondstudio-main\Byondstudio-main\frontend\node_modules\react-dom\cjs\react-dom-server.browser.production.min.js:70:253)
    at Z (C:\Users\krush\Downloads\Byondstudio-main\Byondstudio-main\frontend\node_modules\react-dom\cjs\react-dom-server.browser.production.min.js:76:89)
    at Xc (C:\Users\krush\Downloads\Byondstudio-main\Byondstudio-main\frontend\node_modules\react-dom\cjs\react-dom-server.browser.production.min.js:68:409)
    at Zc (C:\Users\krush\Downloads\Byondstudio-main\Byondstudio-main\frontend\node_modules\react-dom\cjs\react-dom-server.browser.production.min.js:70:210)
    at Z (C:\Users\krush\Downloads\Byondstudio-main\Byondstudio-main\frontend\node_modules\react-dom\cjs\react-dom-server.browser.production.min.js:76:89)
    at Zc (C:\Users\krush\Downloads\Byondstudio-main\Byondstudio-main\frontend\node_modules\react-dom\cjs\react-dom-server.browser.production.min.js:70:481)
    at Z (C:\Users\krush\Downloads\Byondstudio-main\Byondstudio-main\frontend\node_modules\react-dom\cjs\react-dom-server.browser.production.min.js:76:89)

Error occurred prerendering page "/MyAccountPage". Read more: https://nextjs.org/docs/messages/prerender-error

Error: useAuth must be used within AuthProvider
    at r (C:\Users\krush\Downloads\Byondstudio-main\Byondstudio-main\frontend\.next\server\pages\ProductPDP.js:1:37272)
    at U (C:\Users\krush\Downloads\Byondstudio-main\Byondstudio-main\frontend\.next\server\pages\MyAccountPage.js:1:41313)
    at Wc (C:\Users\krush\Downloads\Byondstudio-main\Byondstudio-main\frontend\node_modules\react-dom\cjs\react-dom-server.browser.production.min.js:68:44)
    at Zc (C:\Users\krush\Downloads\Byondstudio-main\Byondstudio-main\frontend\node_modules\react-dom\cjs\react-dom-server.browser.production.min.js:70:253)
    at Z (C:\Users\krush\Downloads\Byondstudio-main\Byondstudio-main\frontend\node_modules\react-dom\cjs\react-dom-server.browser.production.min.js:76:89)
    at Xc (C:\Users\krush\Downloads\Byondstudio-main\Byondstudio-main\frontend\node_modules\react-dom\cjs\react-dom-server.browser.production.min.js:68:409)
    at Zc (C:\Users\krush\Downloads\Byondstudio-main\Byondstudio-main\frontend\node_modules\react-dom\cjs\react-dom-server.browser.production.min.js:70:210)
    at Z (C:\Users\krush\Downloads\Byondstudio-main\Byondstudio-main\frontend\node_modules\react-dom\cjs\react-dom-server.browser.production.min.js:76:89)
    at Zc (C:\Users\krush\Downloads\Byondstudio-main\Byondstudio-main\frontend\node_modules\react-dom\cjs\react-dom-server.browser.production.min.js:70:481)
    at Z (C:\Users\krush\Downloads\Byondstudio-main\Byondstudio-main\frontend\node_modules\react-dom\cjs\react-dom-server.browser.production.min.js:76:89)
   Generating static pages (50/67) 
Error: useAuth must be used within AuthProvider
    at r (C:\Users\krush\Downloads\Byondstudio-main\Byondstudio-main\frontend\.next\server\pages\CartPage.js:1:16345)
    at C (C:\Users\krush\Downloads\Byondstudio-main\Byondstudio-main\frontend\.next\server\pages\ProductListPage.js:1:2858)
    at Wc (C:\Users\krush\Downloads\Byondstudio-main\Byondstudio-main\frontend\node_modules\react-dom\cjs\react-dom-server.browser.production.min.js:68:44)
    at Zc (C:\Users\krush\Downloads\Byondstudio-main\Byondstudio-main\frontend\node_modules\react-dom\cjs\react-dom-server.browser.production.min.js:70:253)
    at Z (C:\Users\krush\Downloads\Byondstudio-main\Byondstudio-main\frontend\node_modules\react-dom\cjs\react-dom-server.browser.production.min.js:76:89)
    at Xc (C:\Users\krush\Downloads\Byondstudio-main\Byondstudio-main\frontend\node_modules\react-dom\cjs\react-dom-server.browser.production.min.js:68:409)
    at Zc (C:\Users\krush\Downloads\Byondstudio-main\Byondstudio-main\frontend\node_modules\react-dom\cjs\react-dom-server.browser.production.min.js:70:210)
    at Z (C:\Users\krush\Downloads\Byondstudio-main\Byondstudio-main\frontend\node_modules\react-dom\cjs\react-dom-server.browser.production.min.js:76:89)
    at Zc (C:\Users\krush\Downloads\Byondstudio-main\Byondstudio-main\frontend\node_modules\react-dom\cjs\react-dom-server.browser.production.min.js:70:481)
    at Z (C:\Users\krush\Downloads\Byondstudio-main\Byondstudio-main\frontend\node_modules\react-dom\cjs\react-dom-server.browser.production.min.js:76:89)

Error occurred prerendering page "/ProductListPage". Read more: https://nextjs.org/docs/messages/prerender-error

Error: useAuth must be used within AuthProvider
    at r (C:\Users\krush\Downloads\Byondstudio-main\Byondstudio-main\frontend\.next\server\pages\CartPage.js:1:16345)
    at C (C:\Users\krush\Downloads\Byondstudio-main\Byondstudio-main\frontend\.next\server\pages\ProductListPage.js:1:2858)
    at Wc (C:\Users\krush\Downloads\Byondstudio-main\Byondstudio-main\frontend\node_modules\react-dom\cjs\react-dom-server.browser.production.min.js:68:44)
    at Zc (C:\Users\krush\Downloads\Byondstudio-main\Byondstudio-main\frontend\node_modules\react-dom\cjs\react-dom-server.browser.production.min.js:70:253)
    at Z (C:\Users\krush\Downloads\Byondstudio-main\Byondstudio-main\frontend\node_modules\react-dom\cjs\react-dom-server.browser.production.min.js:76:89)
    at Xc (C:\Users\krush\Downloads\Byondstudio-main\Byondstudio-main\frontend\node_modules\react-dom\cjs\react-dom-server.browser.production.min.js:68:409)
    at Zc (C:\Users\krush\Downloads\Byondstudio-main\Byondstudio-main\frontend\node_modules\react-dom\cjs\react-dom-server.browser.production.min.js:70:210)
    at Z (C:\Users\krush\Downloads\Byondstudio-main\Byondstudio-main\frontend\node_modules\react-dom\cjs\react-dom-server.browser.production.min.js:76:89)
    at Zc (C:\Users\krush\Downloads\Byondstudio-main\Byondstudio-main\frontend\node_modules\react-dom\cjs\react-dom-server.browser.production.min.js:70:481)
    at Z (C:\Users\krush\Downloads\Byondstudio-main\Byondstudio-main\frontend\node_modules\react-dom\cjs\react-dom-server.browser.production.min.js:76:89)
TypeError: Cannot destructure property 'id' of '(0 , O.useParams)(...)' as it is null.
    at W (C:\Users\krush\Downloads\Byondstudio-main\Byondstudio-main\frontend\.next\server\pages\ProductPDP.js:1:10299)
    at Wc (C:\Users\krush\Downloads\Byondstudio-main\Byondstudio-main\frontend\node_modules\react-dom\cjs\react-dom-server.browser.production.min.js:68:44)
    at Zc (C:\Users\krush\Downloads\Byondstudio-main\Byondstudio-main\frontend\node_modules\react-dom\cjs\react-dom-server.browser.production.min.js:70:253)
    at Z (C:\Users\krush\Downloads\Byondstudio-main\Byondstudio-main\frontend\node_modules\react-dom\cjs\react-dom-server.browser.production.min.js:76:89)
    at Xc (C:\Users\krush\Downloads\Byondstudio-main\Byondstudio-main\frontend\node_modules\react-dom\cjs\react-dom-server.browser.production.min.js:68:409)
    at Zc (C:\Users\krush\Downloads\Byondstudio-main\Byondstudio-main\frontend\node_modules\react-dom\cjs\react-dom-server.browser.production.min.js:70:210)
    at Z (C:\Users\krush\Downloads\Byondstudio-main\Byondstudio-main\frontend\node_modules\react-dom\cjs\react-dom-server.browser.production.min.js:76:89)
    at Zc (C:\Users\krush\Downloads\Byondstudio-main\Byondstudio-main\frontend\node_modules\react-dom\cjs\react-dom-server.browser.production.min.js:70:481)
    at Z (C:\Users\krush\Downloads\Byondstudio-main\Byondstudio-main\frontend\node_modules\react-dom\cjs\react-dom-server.browser.production.min.js:76:89)
    at $c (C:\Users\krush\Downloads\Byondstudio-main\Byondstudio-main\frontend\node_modules\react-dom\cjs\react-dom-server.browser.production.min.js:78:98)

Error occurred prerendering page "/ProductPDP". Read more: https://nextjs.org/docs/messages/prerender-error

TypeError: Cannot destructure property 'id' of '(0 , O.useParams)(...)' as it is null.
    at W (C:\Users\krush\Downloads\Byondstudio-main\Byondstudio-main\frontend\.next\server\pages\ProductPDP.js:1:10299)
    at Wc (C:\Users\krush\Downloads\Byondstudio-main\Byondstudio-main\frontend\node_modules\react-dom\cjs\react-dom-server.browser.production.min.js:68:44)
    at Zc (C:\Users\krush\Downloads\Byondstudio-main\Byondstudio-main\frontend\node_modules\react-dom\cjs\react-dom-server.browser.production.min.js:70:253)
    at Z (C:\Users\krush\Downloads\Byondstudio-main\Byondstudio-main\frontend\node_modules\react-dom\cjs\react-dom-server.browser.production.min.js:76:89)
    at Xc (C:\Users\krush\Downloads\Byondstudio-main\Byondstudio-main\frontend\node_modules\react-dom\cjs\react-dom-server.browser.production.min.js:68:409)
    at Zc (C:\Users\krush\Downloads\Byondstudio-main\Byondstudio-main\frontend\node_modules\react-dom\cjs\react-dom-server.browser.production.min.js:70:210)
    at Z (C:\Users\krush\Downloads\Byondstudio-main\Byondstudio-main\frontend\node_modules\react-dom\cjs\react-dom-server.browser.production.min.js:76:89)
    at Zc (C:\Users\krush\Downloads\Byondstudio-main\Byondstudio-main\frontend\node_modules\react-dom\cjs\react-dom-server.browser.production.min.js:70:481)
    at Z (C:\Users\krush\Downloads\Byondstudio-main\Byondstudio-main\frontend\node_modules\react-dom\cjs\react-dom-server.browser.production.min.js:76:89)
    at $c (C:\Users\krush\Downloads\Byondstudio-main\Byondstudio-main\frontend\node_modules\react-dom\cjs\react-dom-server.browser.production.min.js:78:98)
 ⨯ useSearchParams() should be wrapped in a suspense boundary at page "/women". Read more: https://nextjs.org/docs/messages/missing-suspense-with-csr-bailout
    at l (C:\Users\krush\Downloads\Byondstudio-main\Byondstudio-main\frontend\.next\server\chunks\2283.js:1:15752)
    at s (C:\Users\krush\Downloads\Byondstudio-main\Byondstudio-main\frontend\.next\server\chunks\2283.js:1:26643)
    at f (C:\Users\krush\Downloads\Byondstudio-main\Byondstudio-main\frontend\.next\server\chunks\722.js:1:2804)
    at nj (C:\Users\krush\Downloads\Byondstudio-main\Byondstudio-main\frontend\node_modules\next\dist\compiled\next-server\app-page.runtime.prod.js:12:46251)
    at nM (C:\Users\krush\Downloads\Byondstudio-main\Byondstudio-main\frontend\node_modules\next\dist\compiled\next-server\app-page.runtime.prod.js:12:47571)
    at nM (C:\Users\krush\Downloads\Byondstudio-main\Byondstudio-main\frontend\node_modules\next\dist\compiled\next-server\app-page.runtime.prod.js:12:61546)
    at nN (C:\Users\krush\Downloads\Byondstudio-main\Byondstudio-main\frontend\node_modules\next\dist\compiled\next-server\app-page.runtime.prod.js:12:64546)
    at nB (C:\Users\krush\Downloads\Byondstudio-main\Byondstudio-main\frontend\node_modules\next\dist\compiled\next-server\app-page.runtime.prod.js:12:67538)
    at nD (C:\Users\krush\Downloads\Byondstudio-main\Byondstudio-main\frontend\node_modules\next\dist\compiled\next-server\app-page.runtime.prod.js:12:66680)
    at nN (C:\Users\krush\Downloads\Byondstudio-main\Byondstudio-main\frontend\node_modules\next\dist\compiled\next-server\app-page.runtime.prod.js:12:64853)

Error occurred prerendering page "/women". Read more: https://nextjs.org/docs/messages/prerender-error

 ⨯ useSearchParams() should be wrapped in a suspense boundary at page "/accessories". Read more: https://nextjs.org/docs/messages/missing-suspense-with-csr-bailout
    at l (C:\Users\krush\Downloads\Byondstudio-main\Byondstudio-main\frontend\.next\server\chunks\2283.js:1:15752)
    at s (C:\Users\krush\Downloads\Byondstudio-main\Byondstudio-main\frontend\.next\server\chunks\2283.js:1:26643)
    at f (C:\Users\krush\Downloads\Byondstudio-main\Byondstudio-main\frontend\.next\server\chunks\722.js:1:2804)
    at nj (C:\Users\krush\Downloads\Byondstudio-main\Byondstudio-main\frontend\node_modules\next\dist\compiled\next-server\app-page.runtime.prod.js:12:46251)
    at nM (C:\Users\krush\Downloads\Byondstudio-main\Byondstudio-main\frontend\node_modules\next\dist\compiled\next-server\app-page.runtime.prod.js:12:47571)
    at nM (C:\Users\krush\Downloads\Byondstudio-main\Byondstudio-main\frontend\node_modules\next\dist\compiled\next-server\app-page.runtime.prod.js:12:61546)
    at nN (C:\Users\krush\Downloads\Byondstudio-main\Byondstudio-main\frontend\node_modules\next\dist\compiled\next-server\app-page.runtime.prod.js:12:64546)
    at nB (C:\Users\krush\Downloads\Byondstudio-main\Byondstudio-main\frontend\node_modules\next\dist\compiled\next-server\app-page.runtime.prod.js:12:67538)
    at nD (C:\Users\krush\Downloads\Byondstudio-main\Byondstudio-main\frontend\node_modules\next\dist\compiled\next-server\app-page.runtime.prod.js:12:66680)
    at nN (C:\Users\krush\Downloads\Byondstudio-main\Byondstudio-main\frontend\node_modules\next\dist\compiled\next-server\app-page.runtime.prod.js:12:64853)

Error occurred prerendering page "/accessories". Read more: https://nextjs.org/docs/messages/prerender-error

 ✓ Generating static pages (67/67)

> Export encountered errors on following paths:
	/CartPage
	/LoginPage
	/MyAccountPage
	/ProductListPage
	/ProductPDP
	/WishlistPage
	/accessories/page: /accessories
	/admin/AdminLayout
	/collection/page: /collection
	/luxe-collection/page: /luxe-collection
	/men/page: /men
	/women/page: /women
